WARNING: Using incubator modules: jdk.incubator.vector
26/09/07 12:44:08 WARN NativeCodeLoader: Unable to load native-hadoop library for your platform... using builtin-java classes where applicable
Using Spark's default log4j profile: org/apache/spark/log4j2-defaults.properties
26/09/07 12:44:09 INFO SparkContext: Running Spark version 4.0.4
26/09/07 12:44:09 INFO SparkContext: OS info Linux, 7.0.0-1012-aws, amd64
26/09/07 12:44:09 INFO SparkContext: Java version 17.0.20
26/09/07 12:44:09 INFO ResourceUtils: ==============================================================
26/09/07 12:44:09 INFO ResourceUtils: No custom resources configured for spark.driver.
26/09/07 12:44:09 INFO ResourceUtils: ==============================================================
26/09/07 12:44:09 INFO SparkContext: Submitted application: dv-anatomy-phase0-scan-baseline_claggL_r2
26/09/07 12:44:09 INFO ResourceProfile: Default ResourceProfile created, executor resources: Map(cores -> name: cores, amount: 4, script: , vendor: , memory -> name: memory, amount: 8192, script: , vendor: , offHeap -> name: offHeap, amount: 0, script: , vendor: ), task resources: Map(cpus -> name: cpus, amount: 1.0)
26/09/07 12:44:09 INFO ResourceProfile: Limiting resource is cpus at 4 tasks per executor
26/09/07 12:44:09 INFO ResourceProfileManager: Added ResourceProfile id: 0
26/09/07 12:44:09 INFO SecurityManager: Changing view acls to: root
26/09/07 12:44:09 INFO SecurityManager: Changing modify acls to: root
26/09/07 12:44:09 INFO SecurityManager: Changing view acls groups to: root
26/09/07 12:44:09 INFO SecurityManager: Changing modify acls groups to: root
26/09/07 12:44:09 INFO SecurityManager: SecurityManager: authentication disabled; ui acls disabled; users with view permissions: root groups with view permissions: EMPTY; users with modify permissions: root; groups with modify permissions: EMPTY; RPC SSL disabled
26/09/07 12:44:09 INFO Utils: Successfully started service 'sparkDriver' on port 33791.
26/09/07 12:44:09 INFO SparkEnv: Registering MapOutputTracker
26/09/07 12:44:09 INFO SparkEnv: Registering BlockManagerMaster
26/09/07 12:44:09 INFO BlockManagerMasterEndpoint: Using org.apache.spark.storage.DefaultTopologyMapper for getting topology information
26/09/07 12:44:09 INFO BlockManagerMasterEndpoint: BlockManagerMasterEndpoint up
26/09/07 12:44:09 INFO SparkEnv: Registering BlockManagerMasterHeartbeat
26/09/07 12:44:09 INFO DiskBlockManager: Created local directory at /tmp/blockmgr-965fe5da-4835-4c25-a7ff-0cb208f32d43
26/09/07 12:44:09 INFO SparkEnv: Registering OutputCommitCoordinator
26/09/07 12:44:09 INFO JettyUtils: Start Jetty 0.0.0.0:4040 for SparkUI
26/09/07 12:44:09 INFO Utils: Successfully started service 'SparkUI' on port 4040.
26/09/07 12:44:09 INFO SparkContext: Added JAR file:///root/opt/jars-baseline/iceberg-spark-runtime-4.0_2.13-1.11.0.jar at spark://ip-172-31-6-161.ap-northeast-2.compute.internal:33791/jars/iceberg-spark-runtime-4.0_2.13-1.11.0.jar with timestamp 1788785049063
26/09/07 12:44:09 INFO SecurityManager: Changing view acls to: root
26/09/07 12:44:09 INFO SecurityManager: Changing modify acls to: root
26/09/07 12:44:09 INFO SecurityManager: Changing view acls groups to: root
26/09/07 12:44:09 INFO SecurityManager: Changing modify acls groups to: root
26/09/07 12:44:09 INFO SecurityManager: SecurityManager: authentication disabled; ui acls disabled; users with view permissions: root groups with view permissions: EMPTY; users with modify permissions: root; groups with modify permissions: EMPTY; RPC SSL disabled
26/09/07 12:44:09 INFO StandaloneAppClient$ClientEndpoint: Connecting to master spark://172.31.6.161:7077...
26/09/07 12:44:09 INFO TransportClientFactory: Successfully created connection to /172.31.6.161:7077 after 16 ms (0 ms spent in bootstraps)
26/09/07 12:44:09 INFO StandaloneSchedulerBackend: Connected to Spark cluster with app ID app-20260907124409-0009
26/09/07 12:44:09 INFO StandaloneAppClient$ClientEndpoint: Executor added: app-20260907124409-0009/0 on worker-20260907123516-172.31.2.98-41603 (172.31.2.98:41603) with 4 core(s)
26/09/07 12:44:09 INFO StandaloneSchedulerBackend: Granted executor ID app-20260907124409-0009/0 on hostPort 172.31.2.98:41603 with 4 core(s), 8.0 GiB RAM
26/09/07 12:44:09 INFO StandaloneAppClient$ClientEndpoint: Executor added: app-20260907124409-0009/1 on worker-20260907123514-172.31.5.138-37617 (172.31.5.138:37617) with 4 core(s)
26/09/07 12:44:09 INFO StandaloneSchedulerBackend: Granted executor ID app-20260907124409-0009/1 on hostPort 172.31.5.138:37617 with 4 core(s), 8.0 GiB RAM
26/09/07 12:44:09 INFO Utils: Successfully started service 'org.apache.spark.network.netty.NettyBlockTransferService' on port 38537.
26/09/07 12:44:09 INFO NettyBlockTransferService: Server created on ip-172-31-6-161.ap-northeast-2.compute.internal:38537
26/09/07 12:44:09 INFO BlockManager: Using org.apache.spark.storage.RandomBlockReplicationPolicy for block replication policy
26/09/07 12:44:09 INFO BlockManagerMaster: Registering BlockManager BlockManagerId(driver, ip-172-31-6-161.ap-northeast-2.compute.internal, 38537, None)
26/09/07 12:44:09 INFO StandaloneAppClient$ClientEndpoint: Executor updated: app-20260907124409-0009/0 is now RUNNING
26/09/07 12:44:09 INFO StandaloneAppClient$ClientEndpoint: Executor updated: app-20260907124409-0009/1 is now RUNNING
26/09/07 12:44:09 INFO BlockManagerMasterEndpoint: Registering block manager ip-172-31-6-161.ap-northeast-2.compute.internal:38537 with 434.4 MiB RAM, BlockManagerId(driver, ip-172-31-6-161.ap-northeast-2.compute.internal, 38537, None)
26/09/07 12:44:09 INFO BlockManagerMaster: Registered BlockManager BlockManagerId(driver, ip-172-31-6-161.ap-northeast-2.compute.internal, 38537, None)
26/09/07 12:44:09 INFO BlockManager: Initialized BlockManager: BlockManagerId(driver, ip-172-31-6-161.ap-northeast-2.compute.internal, 38537, None)
26/09/07 12:44:09 INFO StandaloneSchedulerBackend: SchedulerBackend is ready for scheduling beginning after reached minRegisteredResourcesRatio: 0.0

=== 스캔: dv.g.d610  (k01,k04, 배치 기본(5000), GROUP BY k01 · 웜 캐시) ===
[baseline_claggL_r2] master=spark://172.31.6.161:7077
26/09/07 12:44:12 WARN MetricsConfig: Cannot locate configuration: tried hadoop-metrics2-s3a-file-system.properties,hadoop-metrics2.properties
SLF4J: Failed to load class "org.slf4j.impl.StaticLoggerBinder".
SLF4J: Defaulting to no-operation (NOP) logger implementation
SLF4J: See http://www.slf4j.org/codes.html#StaticLoggerBinder for further details.
[baseline_claggL_r2] 벡터화 리더: ON (추정)
  warmup 1/2: 7.758s
  warmup 2/2: 2.123s
  iter   1/10: 2.035s
  iter   2/10: 2.283s
  iter   3/10: 1.788s
  iter   4/10: 1.778s
  iter   5/10: 1.821s
  iter   6/10: 1.881s
  iter   7/10: 2.012s
  iter   8/10: 1.719s
  iter   9/10: 1.687s
  iter   10/10: 1.973s
[baseline_claggL_r2] median=1.881s  min=1.687s  max=2.283s
