WARNING: Using incubator modules: jdk.incubator.vector
26/09/07 12:50:32 WARN NativeCodeLoader: Unable to load native-hadoop library for your platform... using builtin-java classes where applicable
Using Spark's default log4j profile: org/apache/spark/log4j2-defaults.properties
26/09/07 12:50:33 INFO SparkContext: Running Spark version 4.0.4
26/09/07 12:50:33 INFO SparkContext: OS info Linux, 7.0.0-1012-aws, amd64
26/09/07 12:50:33 INFO SparkContext: Java version 17.0.20
26/09/07 12:50:33 INFO ResourceUtils: ==============================================================
26/09/07 12:50:33 INFO ResourceUtils: No custom resources configured for spark.driver.
26/09/07 12:50:33 INFO ResourceUtils: ==============================================================
26/09/07 12:50:33 INFO SparkContext: Submitted application: dv-anatomy-phase0-scan-baseline_clscan_r6
26/09/07 12:50:33 INFO ResourceProfile: Default ResourceProfile created, executor resources: Map(cores -> name: cores, amount: 4, script: , vendor: , memory -> name: memory, amount: 8192, script: , vendor: , offHeap -> name: offHeap, amount: 0, script: , vendor: ), task resources: Map(cpus -> name: cpus, amount: 1.0)
26/09/07 12:50:33 INFO ResourceProfile: Limiting resource is cpus at 4 tasks per executor
26/09/07 12:50:33 INFO ResourceProfileManager: Added ResourceProfile id: 0
26/09/07 12:50:33 INFO SecurityManager: Changing view acls to: root
26/09/07 12:50:33 INFO SecurityManager: Changing modify acls to: root
26/09/07 12:50:33 INFO SecurityManager: Changing view acls groups to: root
26/09/07 12:50:33 INFO SecurityManager: Changing modify acls groups to: root
26/09/07 12:50:33 INFO SecurityManager: SecurityManager: authentication disabled; ui acls disabled; users with view permissions: root groups with view permissions: EMPTY; users with modify permissions: root; groups with modify permissions: EMPTY; RPC SSL disabled
26/09/07 12:50:33 INFO Utils: Successfully started service 'sparkDriver' on port 38069.
26/09/07 12:50:34 INFO SparkEnv: Registering MapOutputTracker
26/09/07 12:50:34 INFO SparkEnv: Registering BlockManagerMaster
26/09/07 12:50:34 INFO BlockManagerMasterEndpoint: Using org.apache.spark.storage.DefaultTopologyMapper for getting topology information
26/09/07 12:50:34 INFO BlockManagerMasterEndpoint: BlockManagerMasterEndpoint up
26/09/07 12:50:34 INFO SparkEnv: Registering BlockManagerMasterHeartbeat
26/09/07 12:50:34 INFO DiskBlockManager: Created local directory at /tmp/blockmgr-3e236d77-c957-43ee-88c2-e9ec3a2e4283
26/09/07 12:50:34 INFO SparkEnv: Registering OutputCommitCoordinator
26/09/07 12:50:34 INFO JettyUtils: Start Jetty 0.0.0.0:4040 for SparkUI
26/09/07 12:50:34 INFO Utils: Successfully started service 'SparkUI' on port 4040.
26/09/07 12:50:34 INFO SparkContext: Added JAR file:///root/opt/jars-baseline/iceberg-spark-runtime-4.0_2.13-1.11.0.jar at spark://ip-172-31-6-161.ap-northeast-2.compute.internal:38069/jars/iceberg-spark-runtime-4.0_2.13-1.11.0.jar with timestamp 1788785433659
26/09/07 12:50:34 INFO SecurityManager: Changing view acls to: root
26/09/07 12:50:34 INFO SecurityManager: Changing modify acls to: root
26/09/07 12:50:34 INFO SecurityManager: Changing view acls groups to: root
26/09/07 12:50:34 INFO SecurityManager: Changing modify acls groups to: root
26/09/07 12:50:34 INFO SecurityManager: SecurityManager: authentication disabled; ui acls disabled; users with view permissions: root groups with view permissions: EMPTY; users with modify permissions: root; groups with modify permissions: EMPTY; RPC SSL disabled
26/09/07 12:50:34 INFO StandaloneAppClient$ClientEndpoint: Connecting to master spark://172.31.6.161:7077...
26/09/07 12:50:34 INFO TransportClientFactory: Successfully created connection to /172.31.6.161:7077 after 18 ms (0 ms spent in bootstraps)
26/09/07 12:50:34 INFO StandaloneSchedulerBackend: Connected to Spark cluster with app ID app-20260907125034-0023
26/09/07 12:50:34 INFO StandaloneAppClient$ClientEndpoint: Executor added: app-20260907125034-0023/0 on worker-20260907123516-172.31.2.98-41603 (172.31.2.98:41603) with 4 core(s)
26/09/07 12:50:34 INFO Utils: Successfully started service 'org.apache.spark.network.netty.NettyBlockTransferService' on port 46705.
26/09/07 12:50:34 INFO NettyBlockTransferService: Server created on ip-172-31-6-161.ap-northeast-2.compute.internal:46705
26/09/07 12:50:34 INFO StandaloneSchedulerBackend: Granted executor ID app-20260907125034-0023/0 on hostPort 172.31.2.98:41603 with 4 core(s), 8.0 GiB RAM
26/09/07 12:50:34 INFO StandaloneAppClient$ClientEndpoint: Executor added: app-20260907125034-0023/1 on worker-20260907123514-172.31.5.138-37617 (172.31.5.138:37617) with 4 core(s)
26/09/07 12:50:34 INFO StandaloneSchedulerBackend: Granted executor ID app-20260907125034-0023/1 on hostPort 172.31.5.138:37617 with 4 core(s), 8.0 GiB RAM
26/09/07 12:50:34 INFO BlockManager: Using org.apache.spark.storage.RandomBlockReplicationPolicy for block replication policy
26/09/07 12:50:34 INFO StandaloneAppClient$ClientEndpoint: Executor updated: app-20260907125034-0023/0 is now RUNNING
26/09/07 12:50:34 INFO StandaloneAppClient$ClientEndpoint: Executor updated: app-20260907125034-0023/1 is now RUNNING
26/09/07 12:50:34 INFO BlockManagerMaster: Registering BlockManager BlockManagerId(driver, ip-172-31-6-161.ap-northeast-2.compute.internal, 46705, None)
26/09/07 12:50:34 INFO BlockManagerMasterEndpoint: Registering block manager ip-172-31-6-161.ap-northeast-2.compute.internal:46705 with 434.4 MiB RAM, BlockManagerId(driver, ip-172-31-6-161.ap-northeast-2.compute.internal, 46705, None)
26/09/07 12:50:34 INFO BlockManagerMaster: Registered BlockManager BlockManagerId(driver, ip-172-31-6-161.ap-northeast-2.compute.internal, 46705, None)
26/09/07 12:50:34 INFO BlockManager: Initialized BlockManager: BlockManagerId(driver, ip-172-31-6-161.ap-northeast-2.compute.internal, 46705, None)
26/09/07 12:50:34 INFO StandaloneSchedulerBackend: SchedulerBackend is ready for scheduling beginning after reached minRegisteredResourcesRatio: 0.0

=== 스캔: dv.g.d610  (k01,k04, 배치 기본(5000), 셔플 없음 · 웜 캐시) ===
[baseline_clscan_r6] master=spark://172.31.6.161:7077
26/09/07 12:50:36 WARN MetricsConfig: Cannot locate configuration: tried hadoop-metrics2-s3a-file-system.properties,hadoop-metrics2.properties
SLF4J: Failed to load class "org.slf4j.impl.StaticLoggerBinder".
SLF4J: Defaulting to no-operation (NOP) logger implementation
SLF4J: See http://www.slf4j.org/codes.html#StaticLoggerBinder for further details.
[baseline_clscan_r6] 벡터화 리더: ON (추정)
  warmup 1/2: 4.480s
  warmup 2/2: 0.922s
  iter   1/10: 0.613s
  iter   2/10: 0.590s
  iter   3/10: 0.614s
  iter   4/10: 0.626s
  iter   5/10: 0.539s
  iter   6/10: 0.518s
  iter   7/10: 0.528s
  iter   8/10: 0.497s
  iter   9/10: 0.520s
  iter   10/10: 0.469s
[baseline_clscan_r6] median=0.539s  min=0.469s  max=0.626s
