WARNING: Using incubator modules: jdk.incubator.vector
26/09/07 12:47:47 WARN NativeCodeLoader: Unable to load native-hadoop library for your platform... using builtin-java classes where applicable
Using Spark's default log4j profile: org/apache/spark/log4j2-defaults.properties
26/09/07 12:47:47 INFO SparkContext: Running Spark version 4.0.4
26/09/07 12:47:47 INFO SparkContext: OS info Linux, 7.0.0-1012-aws, amd64
26/09/07 12:47:47 INFO SparkContext: Java version 17.0.20
26/09/07 12:47:47 INFO ResourceUtils: ==============================================================
26/09/07 12:47:47 INFO ResourceUtils: No custom resources configured for spark.driver.
26/09/07 12:47:47 INFO ResourceUtils: ==============================================================
26/09/07 12:47:47 INFO SparkContext: Submitted application: dv-anatomy-phase0-scan-baseline_claggL_r4
26/09/07 12:47:47 INFO ResourceProfile: Default ResourceProfile created, executor resources: Map(cores -> name: cores, amount: 4, script: , vendor: , memory -> name: memory, amount: 8192, script: , vendor: , offHeap -> name: offHeap, amount: 0, script: , vendor: ), task resources: Map(cpus -> name: cpus, amount: 1.0)
26/09/07 12:47:47 INFO ResourceProfile: Limiting resource is cpus at 4 tasks per executor
26/09/07 12:47:47 INFO ResourceProfileManager: Added ResourceProfile id: 0
26/09/07 12:47:47 INFO SecurityManager: Changing view acls to: root
26/09/07 12:47:47 INFO SecurityManager: Changing modify acls to: root
26/09/07 12:47:47 INFO SecurityManager: Changing view acls groups to: root
26/09/07 12:47:47 INFO SecurityManager: Changing modify acls groups to: root
26/09/07 12:47:47 INFO SecurityManager: SecurityManager: authentication disabled; ui acls disabled; users with view permissions: root groups with view permissions: EMPTY; users with modify permissions: root; groups with modify permissions: EMPTY; RPC SSL disabled
26/09/07 12:47:48 INFO Utils: Successfully started service 'sparkDriver' on port 34195.
26/09/07 12:47:48 INFO SparkEnv: Registering MapOutputTracker
26/09/07 12:47:48 INFO SparkEnv: Registering BlockManagerMaster
26/09/07 12:47:48 INFO BlockManagerMasterEndpoint: Using org.apache.spark.storage.DefaultTopologyMapper for getting topology information
26/09/07 12:47:48 INFO BlockManagerMasterEndpoint: BlockManagerMasterEndpoint up
26/09/07 12:47:48 INFO SparkEnv: Registering BlockManagerMasterHeartbeat
26/09/07 12:47:48 INFO DiskBlockManager: Created local directory at /tmp/blockmgr-524d899f-36d1-4f0c-af75-c18421f84813
26/09/07 12:47:48 INFO SparkEnv: Registering OutputCommitCoordinator
26/09/07 12:47:48 INFO JettyUtils: Start Jetty 0.0.0.0:4040 for SparkUI
26/09/07 12:47:48 INFO Utils: Successfully started service 'SparkUI' on port 4040.
26/09/07 12:47:48 INFO SparkContext: Added JAR file:///root/opt/jars-baseline/iceberg-spark-runtime-4.0_2.13-1.11.0.jar at spark://ip-172-31-6-161.ap-northeast-2.compute.internal:34195/jars/iceberg-spark-runtime-4.0_2.13-1.11.0.jar with timestamp 1788785267750
26/09/07 12:47:48 INFO SecurityManager: Changing view acls to: root
26/09/07 12:47:48 INFO SecurityManager: Changing modify acls to: root
26/09/07 12:47:48 INFO SecurityManager: Changing view acls groups to: root
26/09/07 12:47:48 INFO SecurityManager: Changing modify acls groups to: root
26/09/07 12:47:48 INFO SecurityManager: SecurityManager: authentication disabled; ui acls disabled; users with view permissions: root groups with view permissions: EMPTY; users with modify permissions: root; groups with modify permissions: EMPTY; RPC SSL disabled
26/09/07 12:47:48 INFO StandaloneAppClient$ClientEndpoint: Connecting to master spark://172.31.6.161:7077...
26/09/07 12:47:48 INFO TransportClientFactory: Successfully created connection to /172.31.6.161:7077 after 21 ms (0 ms spent in bootstraps)
26/09/07 12:47:48 INFO StandaloneSchedulerBackend: Connected to Spark cluster with app ID app-20260907124748-0017
26/09/07 12:47:48 INFO StandaloneAppClient$ClientEndpoint: Executor added: app-20260907124748-0017/0 on worker-20260907123516-172.31.2.98-41603 (172.31.2.98:41603) with 4 core(s)
26/09/07 12:47:48 INFO StandaloneSchedulerBackend: Granted executor ID app-20260907124748-0017/0 on hostPort 172.31.2.98:41603 with 4 core(s), 8.0 GiB RAM
26/09/07 12:47:48 INFO Utils: Successfully started service 'org.apache.spark.network.netty.NettyBlockTransferService' on port 37765.
26/09/07 12:47:48 INFO StandaloneAppClient$ClientEndpoint: Executor added: app-20260907124748-0017/1 on worker-20260907123514-172.31.5.138-37617 (172.31.5.138:37617) with 4 core(s)
26/09/07 12:47:48 INFO NettyBlockTransferService: Server created on ip-172-31-6-161.ap-northeast-2.compute.internal:37765
26/09/07 12:47:48 INFO StandaloneSchedulerBackend: Granted executor ID app-20260907124748-0017/1 on hostPort 172.31.5.138:37617 with 4 core(s), 8.0 GiB RAM
26/09/07 12:47:48 INFO BlockManager: Using org.apache.spark.storage.RandomBlockReplicationPolicy for block replication policy
26/09/07 12:47:48 INFO StandaloneAppClient$ClientEndpoint: Executor updated: app-20260907124748-0017/1 is now RUNNING
26/09/07 12:47:48 INFO StandaloneAppClient$ClientEndpoint: Executor updated: app-20260907124748-0017/0 is now RUNNING
26/09/07 12:47:48 INFO BlockManagerMaster: Registering BlockManager BlockManagerId(driver, ip-172-31-6-161.ap-northeast-2.compute.internal, 37765, None)
26/09/07 12:47:48 INFO BlockManagerMasterEndpoint: Registering block manager ip-172-31-6-161.ap-northeast-2.compute.internal:37765 with 434.4 MiB RAM, BlockManagerId(driver, ip-172-31-6-161.ap-northeast-2.compute.internal, 37765, None)
26/09/07 12:47:48 INFO BlockManagerMaster: Registered BlockManager BlockManagerId(driver, ip-172-31-6-161.ap-northeast-2.compute.internal, 37765, None)
26/09/07 12:47:48 INFO BlockManager: Initialized BlockManager: BlockManagerId(driver, ip-172-31-6-161.ap-northeast-2.compute.internal, 37765, None)
26/09/07 12:47:48 INFO StandaloneSchedulerBackend: SchedulerBackend is ready for scheduling beginning after reached minRegisteredResourcesRatio: 0.0
26/09/07 12:47:50 INFO StandaloneSchedulerBackend$StandaloneDriverEndpoint: Registered executor NettyRpcEndpointRef(spark-client://Executor) (172.31.5.138:43766) with ID 1, ResourceProfileId 0
26/09/07 12:47:50 INFO BlockManagerMasterEndpoint: Registering block manager 172.31.5.138:41191 with 4.6 GiB RAM, BlockManagerId(1, 172.31.5.138, 41191, None)

=== 스캔: dv.g.d610  (k01,k04, 배치 기본(5000), GROUP BY k01 · 웜 캐시) ===
[baseline_claggL_r4] master=spark://172.31.6.161:7077
26/09/07 12:47:50 WARN MetricsConfig: Cannot locate configuration: tried hadoop-metrics2-s3a-file-system.properties,hadoop-metrics2.properties
SLF4J: Failed to load class "org.slf4j.impl.StaticLoggerBinder".
SLF4J: Defaulting to no-operation (NOP) logger implementation
SLF4J: See http://www.slf4j.org/codes.html#StaticLoggerBinder for further details.
[baseline_claggL_r4] 벡터화 리더: ON (추정)
  warmup 1/2: 8.117s
  warmup 2/2: 2.483s
  iter   1/10: 2.245s
  iter   2/10: 2.297s
  iter   3/10: 2.108s
  iter   4/10: 2.041s
  iter   5/10: 1.860s
  iter   6/10: 1.821s
  iter   7/10: 1.881s
  iter   8/10: 1.699s
  iter   9/10: 1.742s
  iter   10/10: 1.902s
[baseline_claggL_r4] median=1.902s  min=1.699s  max=2.297s
