WARNING: Using incubator modules: jdk.incubator.vector
26/09/07 12:41:23 WARN NativeCodeLoader: Unable to load native-hadoop library for your platform... using builtin-java classes where applicable
Using Spark's default log4j profile: org/apache/spark/log4j2-defaults.properties
26/09/07 12:41:24 INFO SparkContext: Running Spark version 4.0.4
26/09/07 12:41:24 INFO SparkContext: OS info Linux, 7.0.0-1012-aws, amd64
26/09/07 12:41:24 INFO SparkContext: Java version 17.0.20
26/09/07 12:41:24 INFO ResourceUtils: ==============================================================
26/09/07 12:41:24 INFO ResourceUtils: No custom resources configured for spark.driver.
26/09/07 12:41:24 INFO ResourceUtils: ==============================================================
26/09/07 12:41:24 INFO SparkContext: Submitted application: dv-anatomy-phase0-scan-patched_clscan_r1
26/09/07 12:41:24 INFO ResourceProfile: Default ResourceProfile created, executor resources: Map(cores -> name: cores, amount: 4, script: , vendor: , memory -> name: memory, amount: 8192, script: , vendor: , offHeap -> name: offHeap, amount: 0, script: , vendor: ), task resources: Map(cpus -> name: cpus, amount: 1.0)
26/09/07 12:41:24 INFO ResourceProfile: Limiting resource is cpus at 4 tasks per executor
26/09/07 12:41:24 INFO ResourceProfileManager: Added ResourceProfile id: 0
26/09/07 12:41:24 INFO SecurityManager: Changing view acls to: root
26/09/07 12:41:24 INFO SecurityManager: Changing modify acls to: root
26/09/07 12:41:24 INFO SecurityManager: Changing view acls groups to: root
26/09/07 12:41:24 INFO SecurityManager: Changing modify acls groups to: root
26/09/07 12:41:24 INFO SecurityManager: SecurityManager: authentication disabled; ui acls disabled; users with view permissions: root groups with view permissions: EMPTY; users with modify permissions: root; groups with modify permissions: EMPTY; RPC SSL disabled
26/09/07 12:41:24 INFO Utils: Successfully started service 'sparkDriver' on port 35881.
26/09/07 12:41:24 INFO SparkEnv: Registering MapOutputTracker
26/09/07 12:41:24 INFO SparkEnv: Registering BlockManagerMaster
26/09/07 12:41:24 INFO BlockManagerMasterEndpoint: Using org.apache.spark.storage.DefaultTopologyMapper for getting topology information
26/09/07 12:41:24 INFO BlockManagerMasterEndpoint: BlockManagerMasterEndpoint up
26/09/07 12:41:24 INFO SparkEnv: Registering BlockManagerMasterHeartbeat
26/09/07 12:41:24 INFO DiskBlockManager: Created local directory at /tmp/blockmgr-97d49da7-30d0-48da-9e80-3e24a97c3019
26/09/07 12:41:24 INFO SparkEnv: Registering OutputCommitCoordinator
26/09/07 12:41:24 INFO JettyUtils: Start Jetty 0.0.0.0:4040 for SparkUI
26/09/07 12:41:24 INFO Utils: Successfully started service 'SparkUI' on port 4040.
26/09/07 12:41:24 INFO SparkContext: Added JAR file:///root/opt/jars-patched/iceberg-spark-runtime-4.0_2.13-1.11.0.jar at spark://ip-172-31-6-161.ap-northeast-2.compute.internal:35881/jars/iceberg-spark-runtime-4.0_2.13-1.11.0.jar with timestamp 1788784884457
26/09/07 12:41:24 INFO SecurityManager: Changing view acls to: root
26/09/07 12:41:24 INFO SecurityManager: Changing modify acls to: root
26/09/07 12:41:24 INFO SecurityManager: Changing view acls groups to: root
26/09/07 12:41:24 INFO SecurityManager: Changing modify acls groups to: root
26/09/07 12:41:24 INFO SecurityManager: SecurityManager: authentication disabled; ui acls disabled; users with view permissions: root groups with view permissions: EMPTY; users with modify permissions: root; groups with modify permissions: EMPTY; RPC SSL disabled
26/09/07 12:41:25 INFO StandaloneAppClient$ClientEndpoint: Connecting to master spark://172.31.6.161:7077...
26/09/07 12:41:25 INFO TransportClientFactory: Successfully created connection to /172.31.6.161:7077 after 25 ms (0 ms spent in bootstraps)
26/09/07 12:41:25 INFO StandaloneSchedulerBackend: Connected to Spark cluster with app ID app-20260907124125-0003
26/09/07 12:41:25 INFO StandaloneAppClient$ClientEndpoint: Executor added: app-20260907124125-0003/0 on worker-20260907123516-172.31.2.98-41603 (172.31.2.98:41603) with 4 core(s)
26/09/07 12:41:25 INFO Utils: Successfully started service 'org.apache.spark.network.netty.NettyBlockTransferService' on port 37989.
26/09/07 12:41:25 INFO NettyBlockTransferService: Server created on ip-172-31-6-161.ap-northeast-2.compute.internal:37989
26/09/07 12:41:25 INFO StandaloneSchedulerBackend: Granted executor ID app-20260907124125-0003/0 on hostPort 172.31.2.98:41603 with 4 core(s), 8.0 GiB RAM
26/09/07 12:41:25 INFO BlockManager: Using org.apache.spark.storage.RandomBlockReplicationPolicy for block replication policy
26/09/07 12:41:25 INFO StandaloneAppClient$ClientEndpoint: Executor added: app-20260907124125-0003/1 on worker-20260907123514-172.31.5.138-37617 (172.31.5.138:37617) with 4 core(s)
26/09/07 12:41:25 INFO StandaloneSchedulerBackend: Granted executor ID app-20260907124125-0003/1 on hostPort 172.31.5.138:37617 with 4 core(s), 8.0 GiB RAM
26/09/07 12:41:25 INFO BlockManagerMaster: Registering BlockManager BlockManagerId(driver, ip-172-31-6-161.ap-northeast-2.compute.internal, 37989, None)
26/09/07 12:41:25 INFO BlockManagerMasterEndpoint: Registering block manager ip-172-31-6-161.ap-northeast-2.compute.internal:37989 with 434.4 MiB RAM, BlockManagerId(driver, ip-172-31-6-161.ap-northeast-2.compute.internal, 37989, None)
26/09/07 12:41:25 INFO StandaloneAppClient$ClientEndpoint: Executor updated: app-20260907124125-0003/1 is now RUNNING
26/09/07 12:41:25 INFO BlockManagerMaster: Registered BlockManager BlockManagerId(driver, ip-172-31-6-161.ap-northeast-2.compute.internal, 37989, None)
26/09/07 12:41:25 INFO BlockManager: Initialized BlockManager: BlockManagerId(driver, ip-172-31-6-161.ap-northeast-2.compute.internal, 37989, None)
26/09/07 12:41:25 INFO StandaloneAppClient$ClientEndpoint: Executor updated: app-20260907124125-0003/0 is now RUNNING
26/09/07 12:41:25 INFO StandaloneSchedulerBackend: SchedulerBackend is ready for scheduling beginning after reached minRegisteredResourcesRatio: 0.0
26/09/07 12:41:26 INFO StandaloneSchedulerBackend$StandaloneDriverEndpoint: Registered executor NettyRpcEndpointRef(spark-client://Executor) (172.31.5.138:58414) with ID 1, ResourceProfileId 0

=== 스캔: dv.g.d610  (k01,k04, 배치 기본(5000), 셔플 없음 · 웜 캐시) ===
[patched_clscan_r1] master=spark://172.31.6.161:7077
26/09/07 12:41:27 WARN MetricsConfig: Cannot locate configuration: tried hadoop-metrics2-s3a-file-system.properties,hadoop-metrics2.properties
SLF4J: Failed to load class "org.slf4j.impl.StaticLoggerBinder".
SLF4J: Defaulting to no-operation (NOP) logger implementation
SLF4J: See http://www.slf4j.org/codes.html#StaticLoggerBinder for further details.
[patched_clscan_r1] 벡터화 리더: ON (추정)
  warmup 1/2: 4.144s
  warmup 2/2: 0.841s
  iter   1/10: 0.503s
  iter   2/10: 0.471s
  iter   3/10: 0.524s
  iter   4/10: 0.471s
  iter   5/10: 0.429s
  iter   6/10: 0.445s
  iter   7/10: 0.451s
  iter   8/10: 0.398s
  iter   9/10: 0.429s
  iter   10/10: 0.420s
[patched_clscan_r1] median=0.451s  min=0.398s  max=0.524s
