WARNING: Using incubator modules: jdk.incubator.vector
26/09/07 12:49:38 WARN NativeCodeLoader: Unable to load native-hadoop library for your platform... using builtin-java classes where applicable
Using Spark's default log4j profile: org/apache/spark/log4j2-defaults.properties
26/09/07 12:49:39 INFO SparkContext: Running Spark version 4.0.4
26/09/07 12:49:39 INFO SparkContext: OS info Linux, 7.0.0-1012-aws, amd64
26/09/07 12:49:39 INFO SparkContext: Java version 17.0.20
26/09/07 12:49:39 INFO ResourceUtils: ==============================================================
26/09/07 12:49:39 INFO ResourceUtils: No custom resources configured for spark.driver.
26/09/07 12:49:39 INFO ResourceUtils: ==============================================================
26/09/07 12:49:39 INFO SparkContext: Submitted application: dv-anatomy-phase0-scan-patched_claggL_r5
26/09/07 12:49:39 INFO ResourceProfile: Default ResourceProfile created, executor resources: Map(cores -> name: cores, amount: 4, script: , vendor: , memory -> name: memory, amount: 8192, script: , vendor: , offHeap -> name: offHeap, amount: 0, script: , vendor: ), task resources: Map(cpus -> name: cpus, amount: 1.0)
26/09/07 12:49:39 INFO ResourceProfile: Limiting resource is cpus at 4 tasks per executor
26/09/07 12:49:39 INFO ResourceProfileManager: Added ResourceProfile id: 0
26/09/07 12:49:39 INFO SecurityManager: Changing view acls to: root
26/09/07 12:49:39 INFO SecurityManager: Changing modify acls to: root
26/09/07 12:49:39 INFO SecurityManager: Changing view acls groups to: root
26/09/07 12:49:39 INFO SecurityManager: Changing modify acls groups to: root
26/09/07 12:49:39 INFO SecurityManager: SecurityManager: authentication disabled; ui acls disabled; users with view permissions: root groups with view permissions: EMPTY; users with modify permissions: root; groups with modify permissions: EMPTY; RPC SSL disabled
26/09/07 12:49:39 INFO Utils: Successfully started service 'sparkDriver' on port 38065.
26/09/07 12:49:39 INFO SparkEnv: Registering MapOutputTracker
26/09/07 12:49:39 INFO SparkEnv: Registering BlockManagerMaster
26/09/07 12:49:39 INFO BlockManagerMasterEndpoint: Using org.apache.spark.storage.DefaultTopologyMapper for getting topology information
26/09/07 12:49:39 INFO BlockManagerMasterEndpoint: BlockManagerMasterEndpoint up
26/09/07 12:49:39 INFO SparkEnv: Registering BlockManagerMasterHeartbeat
26/09/07 12:49:39 INFO DiskBlockManager: Created local directory at /tmp/blockmgr-eeb5f678-f3b5-42ad-96e7-f3f2ceadcdb1
26/09/07 12:49:39 INFO SparkEnv: Registering OutputCommitCoordinator
26/09/07 12:49:39 INFO JettyUtils: Start Jetty 0.0.0.0:4040 for SparkUI
26/09/07 12:49:39 INFO Utils: Successfully started service 'SparkUI' on port 4040.
26/09/07 12:49:39 INFO SparkContext: Added JAR file:///root/opt/jars-patched/iceberg-spark-runtime-4.0_2.13-1.11.0.jar at spark://ip-172-31-6-161.ap-northeast-2.compute.internal:38065/jars/iceberg-spark-runtime-4.0_2.13-1.11.0.jar with timestamp 1788785379159
26/09/07 12:49:39 INFO SecurityManager: Changing view acls to: root
26/09/07 12:49:39 INFO SecurityManager: Changing modify acls to: root
26/09/07 12:49:39 INFO SecurityManager: Changing view acls groups to: root
26/09/07 12:49:39 INFO SecurityManager: Changing modify acls groups to: root
26/09/07 12:49:39 INFO SecurityManager: SecurityManager: authentication disabled; ui acls disabled; users with view permissions: root groups with view permissions: EMPTY; users with modify permissions: root; groups with modify permissions: EMPTY; RPC SSL disabled
26/09/07 12:49:39 INFO StandaloneAppClient$ClientEndpoint: Connecting to master spark://172.31.6.161:7077...
26/09/07 12:49:39 INFO TransportClientFactory: Successfully created connection to /172.31.6.161:7077 after 17 ms (0 ms spent in bootstraps)
26/09/07 12:49:39 INFO StandaloneSchedulerBackend: Connected to Spark cluster with app ID app-20260907124939-0021
26/09/07 12:49:39 INFO StandaloneAppClient$ClientEndpoint: Executor added: app-20260907124939-0021/0 on worker-20260907123516-172.31.2.98-41603 (172.31.2.98:41603) with 4 core(s)
26/09/07 12:49:39 INFO StandaloneSchedulerBackend: Granted executor ID app-20260907124939-0021/0 on hostPort 172.31.2.98:41603 with 4 core(s), 8.0 GiB RAM
26/09/07 12:49:39 INFO StandaloneAppClient$ClientEndpoint: Executor added: app-20260907124939-0021/1 on worker-20260907123514-172.31.5.138-37617 (172.31.5.138:37617) with 4 core(s)
26/09/07 12:49:39 INFO StandaloneSchedulerBackend: Granted executor ID app-20260907124939-0021/1 on hostPort 172.31.5.138:37617 with 4 core(s), 8.0 GiB RAM
26/09/07 12:49:39 INFO Utils: Successfully started service 'org.apache.spark.network.netty.NettyBlockTransferService' on port 43537.
26/09/07 12:49:39 INFO NettyBlockTransferService: Server created on ip-172-31-6-161.ap-northeast-2.compute.internal:43537
26/09/07 12:49:39 INFO BlockManager: Using org.apache.spark.storage.RandomBlockReplicationPolicy for block replication policy
26/09/07 12:49:39 INFO StandaloneAppClient$ClientEndpoint: Executor updated: app-20260907124939-0021/1 is now RUNNING
26/09/07 12:49:39 INFO StandaloneAppClient$ClientEndpoint: Executor updated: app-20260907124939-0021/0 is now RUNNING
26/09/07 12:49:39 INFO BlockManagerMaster: Registering BlockManager BlockManagerId(driver, ip-172-31-6-161.ap-northeast-2.compute.internal, 43537, None)
26/09/07 12:49:40 INFO BlockManagerMasterEndpoint: Registering block manager ip-172-31-6-161.ap-northeast-2.compute.internal:43537 with 434.4 MiB RAM, BlockManagerId(driver, ip-172-31-6-161.ap-northeast-2.compute.internal, 43537, None)
26/09/07 12:49:40 INFO BlockManagerMaster: Registered BlockManager BlockManagerId(driver, ip-172-31-6-161.ap-northeast-2.compute.internal, 43537, None)
26/09/07 12:49:40 INFO BlockManager: Initialized BlockManager: BlockManagerId(driver, ip-172-31-6-161.ap-northeast-2.compute.internal, 43537, None)
26/09/07 12:49:40 INFO StandaloneSchedulerBackend: SchedulerBackend is ready for scheduling beginning after reached minRegisteredResourcesRatio: 0.0
26/09/07 12:49:41 INFO StandaloneSchedulerBackend$StandaloneDriverEndpoint: Registered executor NettyRpcEndpointRef(spark-client://Executor) (172.31.5.138:60982) with ID 1, ResourceProfileId 0

=== 스캔: dv.g.d610  (k01,k04, 배치 기본(5000), GROUP BY k01 · 웜 캐시) ===
[patched_claggL_r5] master=spark://172.31.6.161:7077
26/09/07 12:49:42 WARN MetricsConfig: Cannot locate configuration: tried hadoop-metrics2-s3a-file-system.properties,hadoop-metrics2.properties
SLF4J: Failed to load class "org.slf4j.impl.StaticLoggerBinder".
SLF4J: Defaulting to no-operation (NOP) logger implementation
SLF4J: See http://www.slf4j.org/codes.html#StaticLoggerBinder for further details.
[patched_claggL_r5] 벡터화 리더: ON (추정)
  warmup 1/2: 7.477s
  warmup 2/2: 2.870s
  iter   1/10: 2.032s
  iter   2/10: 2.050s
  iter   3/10: 2.125s
  iter   4/10: 1.888s
  iter   5/10: 1.808s
  iter   6/10: 1.879s
  iter   7/10: 1.741s
  iter   8/10: 1.707s
  iter   9/10: 1.699s
  iter   10/10: 1.814s
[patched_claggL_r5] median=1.879s  min=1.699s  max=2.125s
