==================== WIDE_COLS=3 ====================
설정 3개 × 2 arm × 6회 = 36 프로파일 (3컬럼)

### 라운드 1 / 6
  d610  [순서: baseline patched]
      baseline r1: [baseline_d610w3_r1] median=0.299s  min=0.234s  max=0.565s
      patched r1: [patched_d610w3_r1] median=0.258s  min=0.190s  max=0.494s
  d50  [순서: baseline patched]
      baseline r1: [baseline_d50w3_r1] median=0.291s  min=0.224s  max=0.437s
      patched r1: [patched_d50w3_r1] median=0.271s  min=0.206s  max=0.414s
  d700  [순서: baseline patched]
      baseline r1: [baseline_d700w3_r1] median=0.219s  min=0.185s  max=0.407s
      patched r1: [patched_d700w3_r1] median=0.198s  min=0.161s  max=0.505s

### 라운드 2 / 6
  d610  [순서: patched baseline]
      patched r2: [patched_d610w3_r2] median=0.242s  min=0.182s  max=0.377s
      baseline r2: [baseline_d610w3_r2] median=0.274s  min=0.230s  max=0.399s
  d50  [순서: patched baseline]
      patched r2: [patched_d50w3_r2] median=0.203s  min=0.170s  max=0.298s
      baseline r2: [baseline_d50w3_r2] median=0.282s  min=0.220s  max=0.409s
  d700  [순서: patched baseline]
      patched r2: [patched_d700w3_r2] median=0.200s  min=0.171s  max=0.329s
      baseline r2: [baseline_d700w3_r2] median=0.236s  min=0.181s  max=0.357s

### 라운드 3 / 6
  d610  [순서: baseline patched]
      baseline r3: [baseline_d610w3_r3] median=0.256s  min=0.215s  max=0.451s
      patched r3: [patched_d610w3_r3] median=0.239s  min=0.172s  max=0.534s
  d50  [순서: baseline patched]
      baseline r3: [baseline_d50w3_r3] median=0.252s  min=0.207s  max=0.556s
      patched r3: [patched_d50w3_r3] median=0.242s  min=0.182s  max=0.409s
  d700  [순서: baseline patched]
      baseline r3: [baseline_d700w3_r3] median=0.272s  min=0.196s  max=0.404s
      patched r3: [patched_d700w3_r3] median=0.221s  min=0.182s  max=0.333s

### 라운드 4 / 6
  d610  [순서: patched baseline]
      patched r4: [patched_d610w3_r4] median=0.219s  min=0.173s  max=0.477s
      baseline r4: [baseline_d610w3_r4] median=0.263s  min=0.220s  max=0.425s
  d50  [순서: patched baseline]
      patched r4: [patched_d50w3_r4] median=0.214s  min=0.175s  max=0.383s
      baseline r4: [baseline_d50w3_r4] median=0.261s  min=0.208s  max=0.557s
  d700  [순서: patched baseline]
      patched r4: [patched_d700w3_r4] median=0.259s  min=0.208s  max=0.476s
      baseline r4: [baseline_d700w3_r4] median=0.317s  min=0.262s  max=0.564s

### 라운드 5 / 6
  d610  [순서: baseline patched]
      baseline r5: [baseline_d610w3_r5] median=0.726s  min=0.275s  max=1.331s
      patched r5: [patched_d610w3_r5] median=0.216s  min=0.178s  max=0.400s
  d50  [순서: baseline patched]
      baseline r5: [baseline_d50w3_r5] median=0.274s  min=0.218s  max=0.372s
      patched r5: [patched_d50w3_r5] median=0.221s  min=0.167s  max=0.294s
  d700  [순서: baseline patched]
      baseline r5: [baseline_d700w3_r5] median=0.219s  min=0.183s  max=0.350s
      patched r5: [patched_d700w3_r5] median=0.235s  min=0.165s  max=0.423s

### 라운드 6 / 6
  d610  [순서: patched baseline]
      patched r6: [patched_d610w3_r6] median=0.212s  min=0.172s  max=0.292s
      baseline r6: [baseline_d610w3_r6] median=0.244s  min=0.211s  max=0.370s
  d50  [순서: patched baseline]
      patched r6: [patched_d50w3_r6] median=0.219s  min=0.173s  max=0.293s
      baseline r6: [baseline_d50w3_r6] median=0.271s  min=0.209s  max=0.524s
  d700  [순서: patched baseline]
      patched r6: [patched_d700w3_r6] median=0.217s  min=0.162s  max=0.405s
      baseline r6: [baseline_d700w3_r6] median=0.258s  min=0.180s  max=0.493s

✅ 완료 — 36회, 699초
==================== WIDE_COLS=5 ====================
설정 3개 × 2 arm × 6회 = 36 프로파일 (5컬럼)

### 라운드 1 / 6
  d610  [순서: baseline patched]
      baseline r1: [baseline_d610w5_r1] median=0.286s  min=0.260s  max=0.432s
      patched r1: [patched_d610w5_r1] median=0.270s  min=0.212s  max=0.408s
  d50  [순서: baseline patched]
      baseline r1: [baseline_d50w5_r1] median=0.328s  min=0.259s  max=0.510s
      patched r1: [patched_d50w5_r1] median=0.260s  min=0.232s  max=0.394s
  d700  [순서: baseline patched]
      baseline r1: [baseline_d700w5_r1] median=0.296s  min=0.244s  max=0.470s
      patched r1: [patched_d700w5_r1] median=0.327s  min=0.252s  max=0.504s

### 라운드 2 / 6
  d610  [순서: patched baseline]
      patched r2: [patched_d610w5_r2] median=0.288s  min=0.230s  max=0.562s
      baseline r2: [baseline_d610w5_r2] median=0.332s  min=0.257s  max=0.533s
  d50  [순서: patched baseline]
      patched r2: [patched_d50w5_r2] median=0.277s  min=0.225s  max=0.426s
      baseline r2: [baseline_d50w5_r2] median=0.293s  min=0.254s  max=0.506s
  d700  [순서: patched baseline]
      patched r2: [patched_d700w5_r2] median=0.307s  min=0.209s  max=0.517s
      baseline r2: [baseline_d700w5_r2] median=0.259s  min=0.222s  max=0.391s

### 라운드 3 / 6
  d610  [순서: baseline patched]
      baseline r3: [baseline_d610w5_r3] median=0.307s  min=0.262s  max=0.742s
      patched r3: [patched_d610w5_r3] median=0.285s  min=0.216s  max=0.404s
  d50  [순서: baseline patched]
      baseline r3: [baseline_d50w5_r3] median=0.340s  min=0.275s  max=0.617s
      patched r3: [patched_d50w5_r3] median=0.300s  min=0.253s  max=0.510s
  d700  [순서: baseline patched]
      baseline r3: [baseline_d700w5_r3] median=0.335s  min=0.232s  max=0.485s
      patched r3: [patched_d700w5_r3] median=0.256s  min=0.218s  max=0.430s

### 라운드 4 / 6
  d610  [순서: patched baseline]
      patched r4: [patched_d610w5_r4] median=0.294s  min=0.237s  max=0.457s
      baseline r4: [baseline_d610w5_r4] median=0.355s  min=0.274s  max=0.462s
  d50  [순서: patched baseline]
      patched r4: [patched_d50w5_r4] median=0.263s  min=0.219s  max=0.468s
      baseline r4: [baseline_d50w5_r4] median=0.308s  min=0.237s  max=0.439s
  d700  [순서: patched baseline]
      patched r4: [patched_d700w5_r4] median=0.244s  min=0.214s  max=0.410s
      baseline r4: [baseline_d700w5_r4] median=0.254s  min=0.223s  max=0.477s

### 라운드 5 / 6
  d610  [순서: baseline patched]
      baseline r5: [baseline_d610w5_r5] median=0.308s  min=0.264s  max=0.534s
      patched r5: [patched_d610w5_r5] median=0.238s  min=0.220s  max=0.384s
  d50  [순서: baseline patched]
      baseline r5: [baseline_d50w5_r5] median=0.297s  min=0.248s  max=0.505s
      patched r5: [patched_d50w5_r5] median=0.232s  min=0.208s  max=0.404s
  d700  [순서: baseline patched]
      baseline r5: [baseline_d700w5_r5] median=0.264s  min=0.228s  max=0.388s
      patched r5: [patched_d700w5_r5] median=0.239s  min=0.212s  max=0.454s

### 라운드 6 / 6
  d610  [순서: patched baseline]
      patched r6: [patched_d610w5_r6] median=0.271s  min=0.220s  max=0.411s
      baseline r6: [baseline_d610w5_r6] median=0.339s  min=0.260s  max=0.469s
  d50  [순서: patched baseline]
      patched r6: [patched_d50w5_r6] median=0.244s  min=0.211s  max=0.417s
      baseline r6: [baseline_d50w5_r6] median=0.270s  min=0.237s  max=0.404s
  d700  [순서: patched baseline]
      patched r6: [patched_d700w5_r6] median=0.263s  min=0.224s  max=0.383s
      baseline r6: [baseline_d700w5_r6] median=0.305s  min=0.240s  max=0.446s

✅ 완료 — 36회, 733초
==================== WIDE_COLS=10 ====================
설정 3개 × 2 arm × 6회 = 36 프로파일 (10컬럼)

### 라운드 1 / 6
  d610  [순서: baseline patched]
      baseline r1: [baseline_d610w10_r1] median=1.593s  min=1.204s  max=2.141s
      patched r1: [patched_d610w10_r1] median=1.223s  min=1.116s  max=1.622s
  d50  [순서: baseline patched]
      baseline r1: [baseline_d50w10_r1] median=1.348s  min=1.211s  max=1.987s
      patched r1: [patched_d50w10_r1] median=1.311s  min=1.081s  max=1.640s
  d700  [순서: baseline patched]
      baseline r1: [baseline_d700w10_r1] median=1.184s  min=1.111s  max=1.741s
      patched r1: [patched_d700w10_r1] median=1.392s  min=1.161s  max=1.808s

### 라운드 2 / 6
  d610  [순서: patched baseline]
      patched r2: [patched_d610w10_r2] median=1.444s  min=1.208s  max=3.898s
      baseline r2: [baseline_d610w10_r2] median=1.222s  min=1.140s  max=1.948s
  d50  [순서: patched baseline]
      patched r2: [patched_d50w10_r2] median=1.213s  min=1.082s  max=1.544s
      baseline r2: [baseline_d50w10_r2] median=1.149s  min=1.039s  max=1.718s
  d700  [순서: patched baseline]
      patched r2: [patched_d700w10_r2] median=1.332s  min=1.070s  max=2.002s
      baseline r2: [baseline_d700w10_r2] median=1.160s  min=1.046s  max=1.328s

### 라운드 3 / 6
  d610  [순서: baseline patched]
      baseline r3: [baseline_d610w10_r3] median=1.284s  min=1.137s  max=1.471s
      patched r3: [patched_d610w10_r3] median=1.218s  min=1.048s  max=1.733s
  d50  [순서: baseline patched]
      baseline r3: [baseline_d50w10_r3] median=1.300s  min=1.135s  max=1.681s
      patched r3: [patched_d50w10_r3] median=1.425s  min=1.186s  max=1.883s
  d700  [순서: baseline patched]
      baseline r3: [baseline_d700w10_r3] median=1.213s  min=1.067s  max=1.580s
      patched r3: [patched_d700w10_r3] median=1.258s  min=1.073s  max=1.687s

### 라운드 4 / 6
  d610  [순서: patched baseline]
      patched r4: [patched_d610w10_r4] median=1.200s  min=1.055s  max=1.476s
      baseline r4: [baseline_d610w10_r4] median=1.508s  min=1.246s  max=1.859s
  d50  [순서: patched baseline]
      patched r4: [patched_d50w10_r4] median=1.226s  min=1.124s  max=1.702s
      baseline r4: [baseline_d50w10_r4] median=1.433s  min=1.189s  max=1.792s
  d700  [순서: patched baseline]
      patched r4: [patched_d700w10_r4] median=1.238s  min=1.053s  max=1.474s
      baseline r4: [baseline_d700w10_r4] median=1.206s  min=1.058s  max=1.478s

### 라운드 5 / 6
  d610  [순서: baseline patched]
      baseline r5: [baseline_d610w10_r5] median=1.419s  min=1.220s  max=1.715s
      patched r5: [patched_d610w10_r5] median=1.398s  min=1.132s  max=1.812s
  d50  [순서: baseline patched]
      baseline r5: [baseline_d50w10_r5] median=1.467s  min=1.109s  max=2.075s
      patched r5: [patched_d50w10_r5] median=1.292s  min=1.112s  max=1.523s
  d700  [순서: baseline patched]
      baseline r5: [baseline_d700w10_r5] median=1.307s  min=1.133s  max=1.646s
      patched r5: [patched_d700w10_r5] median=1.307s  min=1.100s  max=1.788s

### 라운드 6 / 6
  d610  [순서: patched baseline]
      patched r6: [patched_d610w10_r6] median=1.355s  min=1.112s  max=1.970s
      baseline r6: [baseline_d610w10_r6] median=1.476s  min=1.134s  max=2.034s
  d50  [순서: patched baseline]
      patched r6: [patched_d50w10_r6] median=1.276s  min=1.040s  max=1.564s
      baseline r6: [baseline_d50w10_r6] median=1.302s  min=1.100s  max=1.547s
  d700  [순서: patched baseline]
      patched r6: [patched_d700w10_r6] median=1.213s  min=1.031s  max=1.640s
      baseline r6: [baseline_d700w10_r6] median=1.148s  min=1.003s  max=1.423s

✅ 완료 — 36회, 2162초
✅ 손익분기 전체 완료 — 3594초
