========================================================================================================
파일 수 축 — 파일이 122배 많아지면 DV 비중이 흔들리는가 (d=610 bp)
========================================================================================================

─ M1 [설계 검증]  두 테이블의 컨테이너가 같은가 (다르면 파일 수 축이 아니다)
레이아웃             파일          행     컨테이너 타입                                 합계 바이트
f4                4 31,981,568      488 array:460, bitmap:28            3,901,922
f488            488 31,981,568      488 array:460, bitmap:28            3,901,922
   개수 차 0.0%  바이트 차 0.0%  우세 타입 array / array
   삭제 행 1,951,913 vs 1,951,913 (0.00% 차)
   판정: **맞음** — 컨테이너가 같다. 파일 수만 다르다.

─ M2 ★판정용★ / M3 / M4   스토리지=ebs
레이아웃       arm         n        DV               범위     DV/스캔     DV/전체    wall(s)
f4         baseline    6      1363    1110 ~ 1478        56.2%     21.2%     0.7673
f4         patched     6       196     144 ~ 260         14.3%      3.2%     0.5481
f488       baseline    6      1436    1294 ~ 1945        45.5%     14.7%     1.0240
f488       patched     6       418     316 ~ 549         15.3%      3.8%     1.0388

   M2  DV/스캔 56.2% → 45.5%  (차 -10.7%p, 문턱 ±5%p)
       판정: ★빗나감 — 비중이 -10.7%p 움직였다. 파일 핸들링 CPU 가 분모를 바꾼다.
   M3  wall 0.7673 → 1.0240 = **1.33배**
       판정: 맞음 — 파일이 많으면 느리다
   M4  DV/전체 21.2% → 14.7% (-6.4%p)
       판정: 맞음 — 스캔 밖(계획·스케줄링)이 커져 전체 대비 비중은 떨어진다
   덤  f4     baseline   1363 → patched    196 =  6.97배
   덤  f488   baseline   1436 → patched    418 =  3.43배
========================================================================================================
