========================================================================================================
`p` 축 — 컨테이너 '개수' 만 줄이면 비용이 주는가 (d=50 bp 고정, 타입은 array 유지)
========================================================================================================

─ P1 [설계 검증]  p 를 바꾸면 진짜로 서로 다른 테이블이 나오는가
   (F-010 은 여기서 죽었다: p=5% 와 p=10% 가 완전히 같은 테이블이었다)

p                  삭제 행        인접 대비       컨테이너         합계 바이트        청크/파일
p10000          160,456            -        492        320,912        122.1
p5000            83,165       -48.2%        256        166,330        122.1
p2500            44,905       -46.0%        136         89,810        122.1
p1000            22,362       -50.2%         68         44,724        122.1

   인접 p 끼리 삭제 행 5% 이상 차이: 예
   컨테이너 개수 단조 감소: 예
   판정: **맞음** — 설계가 산다. 아래를 채점한다.

─ P3 [전제 확인]  컨테이너 타입이 array 로 유지되는가 (안 그러면 P2 는 개수 축이 아니다)
p        컨테이너                               중앙값 card
p10000   array:492                               329
p5000    array:256                               330
p2500    array:136                               330
p1000    array:68                                328
   판정: 맞음 — 전부 array. 바뀐 건 개수뿐이다.

─ P2 ★판정용★  개수만 줄이면 비용이 1.5배 미만으로만 싸지는가
p          n      DV 샘플                 범위      DV/스캔    wall(s)
p10000     3       2564     2482 ~ 2598          52.4%     0.5826
p5000      3       1911     1769 ~ 1941          45.3%     0.5236
p2500      3       1560     1273 ~ 1628          40.6%     0.4826
p1000      3       1156      985 ~ 1224          35.0%     0.4274

   p10000 → p1000 : 컨테이너 492개 → 68개,  DV 샘플 2564 → 1156 = **2.22배**
   범위 겹침: 아니오
   판정: ★빗나감 — 2.22배다. 개수 효과가 작지 않다.
         F-009 의 3.53배를 'run 구조 덕' 으로 읽던 해석을 다시 써야 한다.

   ─ F-009 와 나란히 (같은 d=0.5%)
                                         컨테이너 감소        비용 이득
     F-009  L=1 → L=4096 (구조+개수)           10.3배        3.53배
     이 축   p 만 (개수만)                        7.2배        2.22배
     개수 효과를 뺀 나머지(구조 몫) ≈ 1.59배
     ⚠️ 두 축의 컨테이너 감소 배율이 10.3배 vs 7.2배로 다르다. 나눗셈은 어림값이지 정확한 분해가 아니다.
========================================================================================================
