====================================================================================================
반등 구간에서 패치는 어떻게 되는가 (두 밀도 모두 bitmap — 컨테이너 축은 죽어 있다)
====================================================================================================

밀도               arm         n        DV               범위     DV/스캔    wall(s)
d=8%  (bitmap)   baseline    4       499     489 ~ 552         33.8%     0.2181
d=8%  (bitmap)   patched     4       142     137 ~ 146         12.4%     0.2001
d=50% (bitmap)   baseline    4       584     556 ~ 612         38.9%     0.2067
d=50% (bitmap)   patched     4       225     200 ~ 270         19.7%     0.1781

─ T1 [설계 검증]  baseline 의 반등이 재현되는가
   baseline  499 → 584  (+17.0%),  범위 겹침: 아니오
   판정: **맞음** — 반등이 재현된다.

─ T2 ★판정용★  패치가 반등을 없애는가 (두 밀도의 patched 가 노이즈 9.7% 안)
   patched   142 → 225  (+58.5%),  범위 겹침: 아니오
   판정: ★빗나감 — patched 도 +58.5% 움직인다. 분기 말고 다른 원인이 남아 있다.
         F-037 의 결론을 '이 분기가 전부' 에서 좁혀야 한다.

─ T3  패치의 개선 배율이 고삭제율에서 작아지는가
   d=8%  (bitmap)   baseline    499 → patched    142 = **3.51배**
   d=50% (bitmap)   baseline    584 → patched    225 = **2.60배**
   3.51배 → 2.60배
   판정: **맞음** — 삭제가 많을수록 패치의 이득이 줄어든다. 벌크의 이점이 사라진다.
====================================================================================================
