====================================================================================================
셔플이 붙으면 스캔 서브트리가 왜 커지는가 — 일이 는 것인가, 막히는 것인가
====================================================================================================

─ C1 [설계 검증]  세 이벤트가 다 잡히는가
   cycles           ✅ 둘 다 있음
   instructions     ✅ 둘 다 있음
   cache-misses     ✅ 둘 다 있음
   판정: **맞음**

─ 스캔 서브트리에 귀속된 샘플 (중앙값)
이벤트                      q0 스캔만        q2 집계-대         배율            q2 범위
cycles                    14370          12996      0.90배   12126 ~ 16818  
instructions              13596          23523      1.73배   23131 ~ 30686  
cache-misses                173            168      0.97배     158 ~ 169    

─ C2 ★판정용★  명령어는 그대로인데 사이클만 느는가 (문턱 ±10%)
   명령어 +73.0%   사이클 -9.6%
   스캔 서브트리 IPC 대용치(명령어/사이클 샘플비): 0.95 → 1.81 (+91.3%)
   판정: ★빗나감 — 명령어도 +73.0% 늘었다. 리더가 실제로 더 많은 일을 한다.
         캐시 압박이 아니라 다른 설명이 필요하다.

─ C3  스캔 서브트리의 cache-miss 가 q2 에서 1.3배 이상인가
   cache-miss 샘플 173 → 168 = **0.97배**
   판정: ★빗나감 — 0.97배뿐이다. stall 의 원인이 캐시가 아니다.
         (메모리 대역·TLB·GC 는 이 축이 안 갈랐다.)

─ 참고: 분모 전체와 DV (귀속이 셔플에 오염되지 않았는지)
이벤트                     q0 전체        q2 전체        q0 DV        q2 DV
cycles                  69461       256936         7180         5612
instructions            56205       249671         8446        15696
cache-misses             1199         3614           15           14
   DV 샘플이 두 쿼리에서 비슷해야 한다 — 같은 행에 같은 일을 하기 때문 (F-024 R2).
====================================================================================================
