① 테이블 생성 (정렬 비용도 같이 잰다)
=== dv.g.sk_uns   d=6.10%  (610 bp) ===
  predicate: pmod(hash(k04, 20260817), 10000) < 610
  삭제 430,575 / 8,000,000  (실제 5.382%, 목표 6.10%)
  DV 4개  863,978B   삭제행당 16.0525 bit
  ⏱ sk_uns 생성 27초  (정렬 비용 포함)
=== dv.g.sk_c1k   d=6.10%  (610 bp) ===
  정렬: k04 로 전역 정렬 (파일 4개)
  predicate: pmod(hash(k04, 20260817), 10000) < 610
  삭제 430,575 / 8,000,000  (실제 5.382%, 목표 6.10%)
  DV 4개  2,529B   삭제행당 0.0470 bit
  ⏱ sk_c1k 생성 35초  (정렬 비용 포함)
=== dv.g.sk_c1m   d=6.10%  (610 bp) ===
  정렬: k15 로 전역 정렬 (파일 4개)
  predicate: pmod(hash(k15, 20260817), 10000) < 610
  삭제 486,605 / 8,000,000  (실제 6.083%, 목표 6.10%)
  DV 4개  231,919B   삭제행당 3.8129 bit
  ⏱ sk_c1m 생성 38초  (정렬 비용 포함)
=== dv.g.sk_c8m   d=6.10%  (610 bp) ===
  정렬: k01 로 전역 정렬 (파일 4개)
  predicate: pmod(hash(k01, 20260817), 10000) < 610
  삭제 487,530 / 8,000,000  (실제 6.094%, 목표 6.10%)
  DV 4개  977,386B   삭제행당 16.0382 bit
  ⏱ sk_c8m 생성 40초  (정렬 비용 포함)

  축              삭제 행        실제 밀도         DV 바이트     삭제행당 bit
  --------------------------------------------------------------
  uns         430,575       5.382%        863,978     16.0525
  c1k         430,575       5.382%          2,529      0.0470
  c1m         486,605       6.083%        231,919      3.8129
  c8m         487,530       6.094%        977,386     16.0382

  ⚠️ 삭제 행 수가 축마다 다르면 DV 샘플을 직접 비교하면 안 된다.

② 측정 — 축 4개 × 2 arm × 6회 = 48 프로파일
### 라운드 1 / 6
  uns  [순서: baseline patched]
      baseline r1 (uns): [baseline_skuns_r1] median=0.211s  min=0.164s  max=0.355s
      patched r1 (uns): [patched_skuns_r1] median=0.143s  min=0.114s  max=0.234s
  c1k  [순서: baseline patched]
      baseline r1 (c1k): [baseline_skc1k_r1] median=0.151s  min=0.122s  max=0.311s
      patched r1 (c1k): [patched_skc1k_r1] median=0.168s  min=0.126s  max=0.252s
  c1m  [순서: baseline patched]
