====================================================================================================
20컬럼 wall-clock — 라운드 안 쌍 비교 (F-015 의 '6/6 저하' 판정)
====================================================================================================

── d610w20   쌍 18개
    r     baseline      patched        차이%             순서
    1       3.1873       3.2030      +0.49     base→patch
    2       2.2590       2.4459      +8.27     base→patch
    3       2.3930       2.4944      +4.24     base→patch
    4       2.3375       2.3766      +1.67     patch→base
    5       2.2306       2.3165      +3.85     patch→base
    6       2.3395       2.4154      +3.24     patch→base
    7       2.2559       2.0789      -7.84     base→patch
    8       2.2552       2.1817      -3.26     patch→base
    9       2.4005       2.4882      +3.65     base→patch
   10       2.0736       2.6006     +25.42     patch→base
   11       2.1787       2.1945      +0.73     base→patch
   12       2.2371       2.4738     +10.58     patch→base
   13       2.1311       2.4361     +14.31     base→patch
   14       2.5916       2.4450      -5.66     patch→base
   15       2.7853       2.7502      -1.26     base→patch
   16       2.3357       2.9047     +24.36     patch→base
   17       2.7144       2.1982     -19.02     base→patch
   18       2.4301       2.1426     -11.83     patch→base

   r1~r6 (F-015, block)   patched 느림  6/6   부호검정 p=0.0312  중앙값 +3.55%  95%CI [+1.08, +6.25]
   r7~ (신규, alternate)    patched 느림  6/12  부호검정 p=1.0000  중앙값 -0.27%  95%CI [-6.75, +12.44]
   전체                     patched 느림 12/18  부호검정 p=0.2379  중앙값 +2.46%  95%CI [-2.26, +6.25]

   ─ 어디서 나는가 (같은 라운드 안에서 샘플을 갈라 본다)
       r      DV(b)      DV(p)    scan(b)    scan(p)       비DV(b)       비DV(p)
       1       1137        169      24384      22437        23247        22268
       2        897        132      17662      17481        16765        17349
       3        755        138      19050      18152        18295        18014
       4        898        143      17542      17410        16644        17267
       5        813        133      16991      17193        16178        17060
       6        911        140      18217      18546        17306        18406
       7        760        111      15929      15015        15169        14904
       8        722        118      16485      15982        15763        15864
       9        753        127      17697      17495        16944        17368
      10        801        116      15617      18394        14816        18278
      11        780        126      15962      16044        15182        15918
      12        701        117      16568      17037        15867        16920
      13        795        111      15601      17309        14806        17198
      14        815        140      19054      17641        18239        17501
      15       1005        115      20457      19279        19452        19164
      16        708        139      17125      20270        16417        20131
      17        921        120      19069      16566        18148        16446
      18        719        111      18153      15613        17434        15502
   DV 샘플 변화 중앙값 -84.3%   비-DV 스캔 변화 중앙값 +3.0%  (patched 가 큰 라운드 11/18)
   해석: wall 이 느려진 만큼 **비-DV 스캔**이 늘었으면 패치 밖에서 값을 치르는 것이고,
         비-DV 가 안 움직였으면 wall 차이는 스캔 밖(JIT·GC·기동)에서 온 것이다.

   판정 — 신규 라운드만으로:
     **노이즈로 확정한다.** 부호 6/12, p=1.0000. F-015 의 6/6 은 우연이었다.
     r1~r6 와 방향 일치: 아니오
====================================================================================================
